
> educore-backend@1.0.0 build
> nest build

node.exe : [96msrc/modules/timetable/timetable.schema.ts[0m:[93m79[0m:[93m18[0m - 
[91merror[0m[90m TS2693: [0m'any' only refers to a type, but is being used as a value here.
At line:1 char:1
+ & "D:\/node.exe" "D:\/node_modules/npm/bin/npm-cli.js" run build
+ ~~~~~~~~~~~~~~~~~~~~~~~~~~~~~~~~~~~~~~~~~~~~~~~~~~~~~~~~~~~~~~~~
    + CategoryInfo          : NotSpecified: ([96msrc/module...s a value here.:String) [], RemoteExce 
   ption
    + FullyQualifiedErrorId : NativeCommandError
 

[7m79[0m TimetableSchema: any;
[7m  [0m [91m                 ~~~[0m
[96msrc/modules/timetable/timetable.schema.ts[0m:[93m81[0m:[93m24[0m - [91merror[0m[90m 
TS2353: [0mObject literal may only specify known properties, and 'slots' does not exist in type 
'Schema<any, Model<any, any, any, any, any, any>, {}, {}, {}, {}, DefaultSchemaOptions, { [x: 
number]: unknown; [x: symbol]: unknown; [x: string]: unknown; }, Document<unknown, {}, FlatRecord<{ 
...; }>, {}, ResolveSchemaOptions<...>> & FlatRecord<...> & Required<...> & { ...; }> | { ...; }'.

[7m81[0m _TimetableSchema.add({ slots: { type: [TimetableSlotSchema], default: [] } });
[7m  [0m [91m                       ~~~~~[0m

Found 2 error(s).

